[[1;34mINFO[m] Scanning for projects...
[[1;34mINFO[m] 
[[1;34mINFO[m] [1m-----------------------< [0;36mcom.yowyob:erp-backend[0;1m >-----------------------[m
[[1;34mINFO[m] [1mBuilding yowyob-erp-backend 0.0.2-SNAPSHOT[m
[[1;34mINFO[m] [1m--------------------------------[ jar ]---------------------------------[m
[[1;34mINFO[m] 
[[1;34mINFO[m] [1m--- [0;32mmaven-resources-plugin:3.3.1:resources[m [1m(default-resources)[m @ [36merp-backend[0;1m ---[m
[[1;34mINFO[m] Copying 30 resources from src/main/resources to target/classes
[[1;34mINFO[m] 
[[1;34mINFO[m] [1m--- [0;32mmaven-compiler-plugin:3.13.0:compile[m [1m(default-compile)[m @ [36merp-backend[0;1m ---[m
[[1;34mINFO[m] Recompiling the module because of [1mchanged source code[m.
[[1;34mINFO[m] Compiling 219 source files with javac [debug parameters release 21] to target/classes
[[1;34mINFO[m] Some messages have been simplified; recompile with -Xdiags:verbose to get full output
[[1;34mINFO[m] -------------------------------------------------------------
[[1;31mERROR[m] COMPILATION ERROR : 
[[1;34mINFO[m] -------------------------------------------------------------
[[1;31mERROR[m] /home/delmat/Stage/Yowyob/yowyob-erp-backend/src/main/java/com/yowyob/erp/accounting/serviceInitialization/DefaultTenantSetupInitializationService.java:[30,8] class DefaultOrganizationSetupInitializationService is public, should be declared in a file named DefaultOrganizationSetupInitializationService.java
[[1;31mERROR[m] /home/delmat/Stage/Yowyob/yowyob-erp-backend/src/main/java/com/yowyob/erp/accounting/serviceInitialization/OrganizationInitializationService.java:[26,42] variable organization_repository is already defined in class com.yowyob.erp.accounting.serviceInitialization.OrganizationInitializationService
[[1;31mERROR[m] /home/delmat/Stage/Yowyob/yowyob-erp-backend/src/main/java/com/yowyob/erp/accounting/controller/AccountingSettingController.java:[69,36] cannot find symbol
  symbol:   method builder()
  location: class com.yowyob.erp.accounting.dto.AccountingSettingDto
[[1;31mERROR[m] /home/delmat/Stage/Yowyob/yowyob-erp-backend/src/main/java/com/yowyob/erp/accounting/controller/AccountingSettingController.java:[70,27] cannot find symbol
  symbol:   method getId()
  location: variable entity of type com.yowyob.erp.accounting.entity.AccountingSetting
[[1;31mERROR[m] /home/delmat/Stage/Yowyob/yowyob-erp-backend/src/main/java/com/yowyob/erp/accounting/controller/AccountingSettingController.java:[71,34] cannot find symbol
  symbol:   method getObjetType()
  location: variable entity of type com.yowyob.erp.accounting.entity.AccountingSetting
[[1;31mERROR[m] /home/delmat/Stage/Yowyob/yowyob-erp-backend/src/main/java/com/yowyob/erp/accounting/controller/AccountingSettingController.java:[72,35] cannot find symbol
  symbol:   method getModeSaisie()
  location: variable entity of type com.yowyob.erp.accounting.entity.AccountingSetting
[[1;31mERROR[m] /home/delmat/Stage/Yowyob/yowyob-erp-backend/src/main/java/com/yowyob/erp/accounting/controller/AccountingSettingController.java:[73,37] cannot find symbol
  symbol:   method getMontantSeuil()
  location: variable entity of type com.yowyob.erp.accounting.entity.AccountingSetting
[[1;31mERROR[m] /home/delmat/Stage/Yowyob/yowyob-erp-backend/src/main/java/com/yowyob/erp/accounting/controller/AccountingSettingController.java:[74,34] cannot find symbol
  symbol:   method getJournalId()
  location: variable entity of type com.yowyob.erp.accounting.entity.AccountingSetting
[[1;31mERROR[m] /home/delmat/Stage/Yowyob/yowyob-erp-backend/src/main/java/com/yowyob/erp/accounting/controller/AccountingSettingController.java:[75,30] cannot find symbol
  symbol:   method getActif()
  location: variable entity of type com.yowyob.erp.accounting.entity.AccountingSetting
[[1;31mERROR[m] /home/delmat/Stage/Yowyob/yowyob-erp-backend/src/main/java/com/yowyob/erp/accounting/controller/AccountingSettingController.java:[76,36] cannot find symbol
  symbol:   method getDescription()
  location: variable entity of type com.yowyob.erp.accounting.entity.AccountingSetting
[[1;31mERROR[m] /home/delmat/Stage/Yowyob/yowyob-erp-backend/src/main/java/com/yowyob/erp/accounting/controller/AccountingSettingController.java:[77,34] cannot find symbol
  symbol:   method getCreatedAt()
  location: variable entity of type com.yowyob.erp.accounting.entity.AccountingSetting
[[1;31mERROR[m] /home/delmat/Stage/Yowyob/yowyob-erp-backend/src/main/java/com/yowyob/erp/accounting/controller/AccountingSettingController.java:[78,34] cannot find symbol
  symbol:   method getUpdatedAt()
  location: variable entity of type com.yowyob.erp.accounting.entity.AccountingSetting
[[1;31mERROR[m] /home/delmat/Stage/Yowyob/yowyob-erp-backend/src/main/java/com/yowyob/erp/accounting/service/AccountingSettingService.java:[36,32] cannot find symbol
  symbol:   method getModeSaisie()
  location: variable setting of type com.yowyob.erp.accounting.entity.AccountingSetting
[[1;31mERROR[m] /home/delmat/Stage/Yowyob/yowyob-erp-backend/src/main/java/com/yowyob/erp/accounting/service/AccountingSettingService.java:[39,32] cannot find symbol
  symbol:   method getMontantSeuil()
  location: variable setting of type com.yowyob.erp.accounting.entity.AccountingSetting
[[1;31mERROR[m] /home/delmat/Stage/Yowyob/yowyob-erp-backend/src/main/java/com/yowyob/erp/accounting/service/AccountingSettingService.java:[40,56] cannot find symbol
  symbol:   method getMontantSeuil()
  location: variable setting of type com.yowyob.erp.accounting.entity.AccountingSetting
[[1;31mERROR[m] /home/delmat/Stage/Yowyob/yowyob-erp-backend/src/main/java/com/yowyob/erp/accounting/service/AccountingSettingService.java:[52,16] cannot find symbol
  symbol:   method getObjetType()
  location: variable dto of type com.yowyob.erp.accounting.dto.AccountingSettingDto
[[1;31mERROR[m] /home/delmat/Stage/Yowyob/yowyob-erp-backend/src/main/java/com/yowyob/erp/accounting/service/AccountingSettingService.java:[57,16] cannot find symbol
  symbol:   method getJournalId()
  location: variable dto of type com.yowyob.erp.accounting.dto.AccountingSettingDto
[[1;31mERROR[m] /home/delmat/Stage/Yowyob/yowyob-erp-backend/src/main/java/com/yowyob/erp/accounting/service/AccountingSettingService.java:[58,106] cannot find symbol
  symbol:   method getObjetType()
  location: variable dto of type com.yowyob.erp.accounting.dto.AccountingSettingDto
[[1;31mERROR[m] /home/delmat/Stage/Yowyob/yowyob-erp-backend/src/main/java/com/yowyob/erp/accounting/service/AccountingSettingService.java:[58,126] cannot find symbol
  symbol:   method getJournalId()
  location: variable dto of type com.yowyob.erp.accounting.dto.AccountingSettingDto
[[1;31mERROR[m] /home/delmat/Stage/Yowyob/yowyob-erp-backend/src/main/java/com/yowyob/erp/accounting/service/AccountingSettingService.java:[60,112] cannot find symbol
  symbol:   method getObjetType()
  location: variable dto of type com.yowyob.erp.accounting.dto.AccountingSettingDto
[[1;31mERROR[m] /home/delmat/Stage/Yowyob/yowyob-erp-backend/src/main/java/com/yowyob/erp/accounting/service/AccountingSettingService.java:[65,69] cannot find symbol
  symbol:   method builder()
  location: class com.yowyob.erp.accounting.entity.AccountingSetting
[[1;31mERROR[m] /home/delmat/Stage/Yowyob/yowyob-erp-backend/src/main/java/com/yowyob/erp/accounting/service/AccountingSettingService.java:[68,39] cannot find symbol
  symbol:   method getObjetType()
  location: variable dto of type com.yowyob.erp.accounting.dto.AccountingSettingDto
[[1;31mERROR[m] /home/delmat/Stage/Yowyob/yowyob-erp-backend/src/main/java/com/yowyob/erp/accounting/service/AccountingSettingService.java:[69,39] cannot find symbol
  symbol:   method getJournalId()
  location: variable dto of type com.yowyob.erp.accounting.dto.AccountingSettingDto
[[1;31mERROR[m] /home/delmat/Stage/Yowyob/yowyob-erp-backend/src/main/java/com/yowyob/erp/accounting/service/AccountingSettingService.java:[75,46] cannot find symbol
  symbol:   method getModeSaisie()
  location: variable dto of type com.yowyob.erp.accounting.dto.AccountingSettingDto
[[1;31mERROR[m] /home/delmat/Stage/Yowyob/yowyob-erp-backend/src/main/java/com/yowyob/erp/accounting/service/AccountingSettingService.java:[76,48] cannot find symbol
  symbol:   method getMontantSeuil()
  location: variable dto of type com.yowyob.erp.accounting.dto.AccountingSettingDto
[[1;31mERROR[m] /home/delmat/Stage/Yowyob/yowyob-erp-backend/src/main/java/com/yowyob/erp/accounting/service/AccountingSettingService.java:[77,28] cannot find symbol
  symbol:   method setActif(dto.getAct[...] true)
  location: variable setting of type com.yowyob.erp.accounting.entity.AccountingSetting
[[1;31mERROR[m] /home/delmat/Stage/Yowyob/yowyob-erp-backend/src/main/java/com/yowyob/erp/accounting/service/AccountingSettingService.java:[77,41] cannot find symbol
  symbol:   method getActif()
  location: variable dto of type com.yowyob.erp.accounting.dto.AccountingSettingDto
[[1;31mERROR[m] /home/delmat/Stage/Yowyob/yowyob-erp-backend/src/main/java/com/yowyob/erp/accounting/service/AccountingSettingService.java:[77,66] cannot find symbol
  symbol:   method getActif()
  location: variable dto of type com.yowyob.erp.accounting.dto.AccountingSettingDto
[[1;31mERROR[m] /home/delmat/Stage/Yowyob/yowyob-erp-backend/src/main/java/com/yowyob/erp/accounting/service/AccountingSettingService.java:[78,47] cannot find symbol
  symbol:   method getDescription()
  location: variable dto of type com.yowyob.erp.accounting.dto.AccountingSettingDto
[[1;31mERROR[m] /home/delmat/Stage/Yowyob/yowyob-erp-backend/src/main/java/com/yowyob/erp/accounting/service/AccountingSettingService.java:[79,28] cannot find symbol
  symbol:   method setUpdatedAt(java.time.LocalDateTime)
  location: variable setting of type com.yowyob.erp.accounting.entity.AccountingSetting
[[1;31mERROR[m] /home/delmat/Stage/Yowyob/yowyob-erp-backend/src/main/java/com/yowyob/erp/common/dto/ApiResponseWrapper.java:[71,34] cannot find symbol
  symbol:   method <T>builder()
  location: class com.yowyob.erp.common.dto.ApiResponseWrapper
[[1;31mERROR[m] /home/delmat/Stage/Yowyob/yowyob-erp-backend/src/main/java/com/yowyob/erp/common/dto/ApiResponseWrapper.java:[88,34] cannot find symbol
  symbol:   method <T>builder()
  location: class com.yowyob.erp.common.dto.ApiResponseWrapper
[[1;31mERROR[m] /home/delmat/Stage/Yowyob/yowyob-erp-backend/src/main/java/com/yowyob/erp/common/dto/ApiResponseWrapper.java:[104,34] cannot find symbol
  symbol:   method <T>builder()
  location: class com.yowyob.erp.common.dto.ApiResponseWrapper
[[1;31mERROR[m] /home/delmat/Stage/Yowyob/yowyob-erp-backend/src/main/java/com/yowyob/erp/common/dto/ApiResponseWrapper.java:[120,34] cannot find symbol
  symbol:   method <T>builder()
  location: class com.yowyob.erp.common.dto.ApiResponseWrapper
[[1;31mERROR[m] /home/delmat/Stage/Yowyob/yowyob-erp-backend/src/main/java/com/yowyob/erp/common/dto/ApiResponseWrapper.java:[136,34] cannot find symbol
  symbol:   method <T>builder()
  location: class com.yowyob.erp.common.dto.ApiResponseWrapper
[[1;31mERROR[m] /home/delmat/Stage/Yowyob/yowyob-erp-backend/src/main/java/com/yowyob/erp/accounting/entity/AccountingSetting.java:[25,8] com.yowyob.erp.accounting.entity.AccountingSetting is not abstract and does not override abstract method getId() in org.springframework.data.domain.Persistable
[[1;31mERROR[m] /home/delmat/Stage/Yowyob/yowyob-erp-backend/src/main/java/com/yowyob/erp/accounting/controller/BrouillardComptableController.java:[98,33] cannot find symbol
  symbol:   method getType()
  location: variable b of type com.yowyob.erp.accounting.entity.BrouillardComptable
[[1;31mERROR[m] /home/delmat/Stage/Yowyob/yowyob-erp-backend/src/main/java/com/yowyob/erp/accounting/controller/BrouillardComptableController.java:[101,40] cannot find symbol
  symbol:   method getType()
  location: variable b of type com.yowyob.erp.accounting.entity.BrouillardComptable
[[1;31mERROR[m] /home/delmat/Stage/Yowyob/yowyob-erp-backend/src/main/java/com/yowyob/erp/accounting/controller/BrouillardComptableController.java:[105,114] cannot find symbol
  symbol:   method getType()
  location: variable b of type com.yowyob.erp.accounting.entity.BrouillardComptable
[[1;31mERROR[m] /home/delmat/Stage/Yowyob/yowyob-erp-backend/src/main/java/com/yowyob/erp/accounting/controller/BrouillardComptableController.java:[140,38] cannot find symbol
  symbol:   method builder()
  location: class com.yowyob.erp.accounting.dto.BrouillardComptableDto
[[1;31mERROR[m] /home/delmat/Stage/Yowyob/yowyob-erp-backend/src/main/java/com/yowyob/erp/accounting/controller/BrouillardComptableController.java:[141,27] cannot find symbol
  symbol:   method getId()
  location: variable entity of type com.yowyob.erp.accounting.entity.BrouillardComptable
[[1;31mERROR[m] /home/delmat/Stage/Yowyob/yowyob-erp-backend/src/main/java/com/yowyob/erp/accounting/controller/BrouillardComptableController.java:[142,29] cannot find symbol
  symbol:   method getType()
  location: variable entity of type com.yowyob.erp.accounting.entity.BrouillardComptable
[[1;31mERROR[m] /home/delmat/Stage/Yowyob/yowyob-erp-backend/src/main/java/com/yowyob/erp/accounting/controller/BrouillardComptableController.java:[143,31] cannot find symbol
  symbol:   method getStatut()
  location: variable entity of type com.yowyob.erp.accounting.entity.BrouillardComptable
[[1;31mERROR[m] /home/delmat/Stage/Yowyob/yowyob-erp-backend/src/main/java/com/yowyob/erp/accounting/controller/BrouillardComptableController.java:[144,33] cannot find symbol
  symbol:   method getSourceId()
  location: variable entity of type com.yowyob.erp.accounting.entity.BrouillardComptable
[[1;31mERROR[m] /home/delmat/Stage/Yowyob/yowyob-erp-backend/src/main/java/com/yowyob/erp/accounting/controller/BrouillardComptableController.java:[145,35] cannot find symbol
  symbol:   method getSourceType()
  location: variable entity of type com.yowyob.erp.accounting.entity.BrouillardComptable
[[1;31mERROR[m] /home/delmat/Stage/Yowyob/yowyob-erp-backend/src/main/java/com/yowyob/erp/accounting/controller/BrouillardComptableController.java:[146,36] cannot find symbol
  symbol:   method getNumeroPiece()
  location: variable entity of type com.yowyob.erp.accounting.entity.BrouillardComptable
[[1;31mERROR[m] /home/delmat/Stage/Yowyob/yowyob-erp-backend/src/main/java/com/yowyob/erp/accounting/controller/BrouillardComptableController.java:[147,34] cannot find symbol
  symbol:   method getDatePiece()
  location: variable entity of type com.yowyob.erp.accounting.entity.BrouillardComptable
[[1;31mERROR[m] /home/delmat/Stage/Yowyob/yowyob-erp-backend/src/main/java/com/yowyob/erp/accounting/controller/BrouillardComptableController.java:[148,32] cannot find symbol
  symbol:   method getLibelle()
  location: variable entity of type com.yowyob.erp.accounting.entity.BrouillardComptable
[[1;31mERROR[m] /home/delmat/Stage/Yowyob/yowyob-erp-backend/src/main/java/com/yowyob/erp/accounting/controller/BrouillardComptableController.java:[149,37] cannot find symbol
  symbol:   method getMontantTotal()
  location: variable entity of type com.yowyob.erp.accounting.entity.BrouillardComptable
[[1;31mERROR[m] /home/delmat/Stage/Yowyob/yowyob-erp-backend/src/main/java/com/yowyob/erp/accounting/controller/BrouillardComptableController.java:[150,31] cannot find symbol
  symbol:   method getDevise()
  location: variable entity of type com.yowyob.erp.accounting.entity.BrouillardComptable
[[1;31mERROR[m] /home/delmat/Stage/Yowyob/yowyob-erp-backend/src/main/java/com/yowyob/erp/accounting/controller/BrouillardComptableController.java:[151,34] cannot find symbol
  symbol:   method getJournalId()
  location: variable entity of type com.yowyob.erp.accounting.entity.BrouillardComptable
[[1;31mERROR[m] /home/delmat/Stage/Yowyob/yowyob-erp-backend/src/main/java/com/yowyob/erp/accounting/controller/BrouillardComptableController.java:[152,34] cannot find symbol
  symbol:   method getPeriodeId()
  location: variable entity of type com.yowyob.erp.accounting.entity.BrouillardComptable
[[1;31mERROR[m] /home/delmat/Stage/Yowyob/yowyob-erp-backend/src/main/java/com/yowyob/erp/accounting/controller/BrouillardComptableController.java:[153,33] cannot find symbol
  symbol:   method getDataJson()
  location: variable entity of type com.yowyob.erp.accounting.entity.BrouillardComptable
[[1;31mERROR[m] /home/delmat/Stage/Yowyob/yowyob-erp-backend/src/main/java/com/yowyob/erp/accounting/controller/BrouillardComptableController.java:[154,35] cannot find symbol
  symbol:   method getEcritureId()
  location: variable entity of type com.yowyob.erp.accounting.entity.BrouillardComptable
[[1;31mERROR[m] /home/delmat/Stage/Yowyob/yowyob-erp-backend/src/main/java/com/yowyob/erp/accounting/controller/BrouillardComptableController.java:[155,38] cannot find symbol
  symbol:   method getAttachmentIds()
  location: variable entity of type com.yowyob.erp.accounting.entity.BrouillardComptable
[[1;31mERROR[m] /home/delmat/Stage/Yowyob/yowyob-erp-backend/src/main/java/com/yowyob/erp/accounting/controller/BrouillardComptableController.java:[156,30] cannot find symbol
  symbol:   method getNotes()
  location: variable entity of type com.yowyob.erp.accounting.entity.BrouillardComptable
[[1;31mERROR[m] /home/delmat/Stage/Yowyob/yowyob-erp-backend/src/main/java/com/yowyob/erp/accounting/controller/BrouillardComptableController.java:[157,34] cannot find symbol
  symbol:   method getCreatedAt()
  location: variable entity of type com.yowyob.erp.accounting.entity.BrouillardComptable
[[1;31mERROR[m] /home/delmat/Stage/Yowyob/yowyob-erp-backend/src/main/java/com/yowyob/erp/accounting/controller/BrouillardComptableController.java:[158,34] cannot find symbol
  symbol:   method getUpdatedAt()
  location: variable entity of type com.yowyob.erp.accounting.entity.BrouillardComptable
[[1;31mERROR[m] /home/delmat/Stage/Yowyob/yowyob-erp-backend/src/main/java/com/yowyob/erp/accounting/controller/BrouillardComptableController.java:[159,34] cannot find symbol
  symbol:   method getCreatedBy()
  location: variable entity of type com.yowyob.erp.accounting.entity.BrouillardComptable
[[1;31mERROR[m] /home/delmat/Stage/Yowyob/yowyob-erp-backend/src/main/java/com/yowyob/erp/accounting/controller/BrouillardComptableController.java:[160,36] cannot find symbol
  symbol:   method getValidatedBy()
  location: variable entity of type com.yowyob.erp.accounting.entity.BrouillardComptable
[[1;31mERROR[m] /home/delmat/Stage/Yowyob/yowyob-erp-backend/src/main/java/com/yowyob/erp/accounting/controller/BrouillardComptableController.java:[161,36] cannot find symbol
  symbol:   method getValidatedAt()
  location: variable entity of type com.yowyob.erp.accounting.entity.BrouillardComptable
[[1;31mERROR[m] /home/delmat/Stage/Yowyob/yowyob-erp-backend/src/main/java/com/yowyob/erp/accounting/controller/BrouillardComptableController.java:[162,35] cannot find symbol
  symbol:   method getRejectedBy()
  location: variable entity of type com.yowyob.erp.accounting.entity.BrouillardComptable
[[1;31mERROR[m] /home/delmat/Stage/Yowyob/yowyob-erp-backend/src/main/java/com/yowyob/erp/accounting/controller/BrouillardComptableController.java:[163,35] cannot find symbol
  symbol:   method getRejectedAt()
  location: variable entity of type com.yowyob.erp.accounting.entity.BrouillardComptable
[[1;31mERROR[m] /home/delmat/Stage/Yowyob/yowyob-erp-backend/src/main/java/com/yowyob/erp/accounting/controller/BrouillardComptableController.java:[164,40] cannot find symbol
  symbol:   method getRejectionReason()
  location: variable entity of type com.yowyob.erp.accounting.entity.BrouillardComptable
[[1;31mERROR[m] /home/delmat/Stage/Yowyob/yowyob-erp-backend/src/main/java/com/yowyob/erp/accounting/service/BrouillardComptableService.java:[83,56] cannot find symbol
  symbol:   method builder()
  location: class com.yowyob.erp.accounting.entity.BrouillardComptable
[[1;31mERROR[m] /home/delmat/Stage/Yowyob/yowyob-erp-backend/src/main/java/com/yowyob/erp/accounting/service/BrouillardComptableService.java:[127,31] cannot find symbol
  symbol:   method getStatut()
  location: variable b of type com.yowyob.erp.accounting.entity.BrouillardComptable
[[1;31mERROR[m] /home/delmat/Stage/Yowyob/yowyob-erp-backend/src/main/java/com/yowyob/erp/accounting/service/BrouillardComptableService.java:[127,78] cannot find symbol
  symbol:   method getStatut()
  location: variable b of type com.yowyob.erp.accounting.entity.BrouillardComptable
[[1;31mERROR[m] /home/delmat/Stage/Yowyob/yowyob-erp-backend/src/main/java/com/yowyob/erp/accounting/service/BrouillardComptableService.java:[130,22] cannot find symbol
  symbol:   method setStatut(com.yowyob.erp.accounting.entity.BrouillardStatut)
  location: variable b of type com.yowyob.erp.accounting.entity.BrouillardComptable
[[1;31mERROR[m] /home/delmat/Stage/Yowyob/yowyob-erp-backend/src/main/java/com/yowyob/erp/accounting/service/BrouillardComptableService.java:[131,22] cannot find symbol
  symbol:   method setRejectedBy(java.lang.String)
  location: variable b of type com.yowyob.erp.accounting.entity.BrouillardComptable
[[1;31mERROR[m] /home/delmat/Stage/Yowyob/yowyob-erp-backend/src/main/java/com/yowyob/erp/accounting/service/BrouillardComptableService.java:[132,22] cannot find symbol
  symbol:   method setRejectedAt(java.time.LocalDateTime)
  location: variable b of type com.yowyob.erp.accounting.entity.BrouillardComptable
[[1;31mERROR[m] /home/delmat/Stage/Yowyob/yowyob-erp-backend/src/main/java/com/yowyob/erp/accounting/service/BrouillardComptableService.java:[133,49] cannot find symbol
  symbol:   method getReason()
  location: variable request of type com.yowyob.erp.accounting.dto.BrouillardRejectionRequest
[[1;31mERROR[m] /home/delmat/Stage/Yowyob/yowyob-erp-backend/src/main/java/com/yowyob/erp/accounting/service/BrouillardComptableService.java:[134,22] cannot find symbol
  symbol:   method setUpdatedAt(java.time.LocalDateTime)
  location: variable b of type com.yowyob.erp.accounting.entity.BrouillardComptable
[[1;31mERROR[m] /home/delmat/Stage/Yowyob/yowyob-erp-backend/src/main/java/com/yowyob/erp/accounting/service/BrouillardComptableService.java:[142,31] cannot find symbol
  symbol:   method getStatut()
  location: variable b of type com.yowyob.erp.accounting.entity.BrouillardComptable
[[1;31mERROR[m] /home/delmat/Stage/Yowyob/yowyob-erp-backend/src/main/java/com/yowyob/erp/accounting/service/BrouillardComptableService.java:[142,78] cannot find symbol
  symbol:   method getStatut()
  location: variable b of type com.yowyob.erp.accounting.entity.BrouillardComptable
[[1;31mERROR[m] /home/delmat/Stage/Yowyob/yowyob-erp-backend/src/main/java/com/yowyob/erp/accounting/service/BrouillardComptableService.java:[156,31] cannot find symbol
  symbol:   method getStatut()
  location: variable b of type com.yowyob.erp.accounting.entity.BrouillardComptable
[[1;31mERROR[m] /home/delmat/Stage/Yowyob/yowyob-erp-backend/src/main/java/com/yowyob/erp/accounting/service/BrouillardComptableService.java:[159,50] cannot find symbol
  symbol:   method getDataJson()
  location: variable b of type com.yowyob.erp.accounting.entity.BrouillardComptable
[[1;31mERROR[m] /home/delmat/Stage/Yowyob/yowyob-erp-backend/src/main/java/com/yowyob/erp/accounting/service/BrouillardComptableService.java:[163,68] cannot find symbol
  symbol:   method getAttachmentIds()
  location: variable b of type com.yowyob.erp.accounting.entity.BrouillardComptable
[[1;31mERROR[m] /home/delmat/Stage/Yowyob/yowyob-erp-backend/src/main/java/com/yowyob/erp/accounting/service/BrouillardComptableService.java:[167,44] cannot find symbol
  symbol:   method getNotes()
  location: variable request of type com.yowyob.erp.accounting.dto.BrouillardValidationRequest
[[1;31mERROR[m] /home/delmat/Stage/Yowyob/yowyob-erp-backend/src/main/java/com/yowyob/erp/accounting/service/BrouillardComptableService.java:[168,65] cannot find symbol
  symbol:   method getNotes()
  location: variable request of type com.yowyob.erp.accounting.dto.BrouillardValidationRequest
[[1;31mERROR[m] /home/delmat/Stage/Yowyob/yowyob-erp-backend/src/main/java/com/yowyob/erp/accounting/service/BrouillardComptableService.java:[169,55] cannot find symbol
  symbol:   method getNotes()
  location: variable request of type com.yowyob.erp.accounting.dto.BrouillardValidationRequest
[[1;31mERROR[m] /home/delmat/Stage/Yowyob/yowyob-erp-backend/src/main/java/com/yowyob/erp/accounting/service/BrouillardComptableService.java:[173,34] cannot find symbol
  symbol:   method setStatut(com.yowyob.erp.accounting.entity.BrouillardStatut)
  location: variable b of type com.yowyob.erp.accounting.entity.BrouillardComptable
[[1;31mERROR[m] /home/delmat/Stage/Yowyob/yowyob-erp-backend/src/main/java/com/yowyob/erp/accounting/service/BrouillardComptableService.java:[174,34] cannot find symbol
  symbol:   method setValidatedBy(java.lang.String)
  location: variable b of type com.yowyob.erp.accounting.entity.BrouillardComptable
[[1;31mERROR[m] /home/delmat/Stage/Yowyob/yowyob-erp-backend/src/main/java/com/yowyob/erp/accounting/service/BrouillardComptableService.java:[175,34] cannot find symbol
  symbol:   method setValidatedAt(java.time.LocalDateTime)
  location: variable b of type com.yowyob.erp.accounting.entity.BrouillardComptable
[[1;31mERROR[m] /home/delmat/Stage/Yowyob/yowyob-erp-backend/src/main/java/com/yowyob/erp/accounting/service/BrouillardComptableService.java:[176,34] cannot find symbol
  symbol:   method setUpdatedAt(java.time.LocalDateTime)
  location: variable b of type com.yowyob.erp.accounting.entity.BrouillardComptable
[[1;31mERROR[m] /home/delmat/Stage/Yowyob/yowyob-erp-backend/src/main/java/com/yowyob/erp/accounting/service/InvoiceAccountingService.java:[54,21] cannot find symbol
  symbol:   variable log
  location: class com.yowyob.erp.accounting.service.InvoiceAccountingService
[[1;31mERROR[m] /home/delmat/Stage/Yowyob/yowyob-erp-backend/src/main/java/com/yowyob/erp/accounting/service/InvoiceAccountingService.java:[54,93] cannot find symbol
  symbol:   method getNumeroFacture()
  location: variable invoice of type com.yowyob.erp.accounting.dto.invoice.SupplierInvoiceDto
[[1;31mERROR[m] /home/delmat/Stage/Yowyob/yowyob-erp-backend/src/main/java/com/yowyob/erp/accounting/service/InvoiceAccountingService.java:[61,48] cannot find symbol
  symbol:   method getMontantTTC()
  location: variable invoice of type com.yowyob.erp.accounting.dto.invoice.SupplierInvoiceDto
[[1;31mERROR[m] /home/delmat/Stage/Yowyob/yowyob-erp-backend/src/main/java/com/yowyob/erp/accounting/service/InvoiceAccountingService.java:[61,73] cannot find symbol
  symbol:   method getId()
  location: variable journal of type com.yowyob.erp.accounting.entity.JournalComptable
[[1;31mERROR[m] /home/delmat/Stage/Yowyob/yowyob-erp-backend/src/main/java/com/yowyob/erp/accounting/service/InvoiceAccountingService.java:[64,73] cannot find symbol
  symbol:   method getDateFacturation()
  location: variable invoice of type com.yowyob.erp.accounting.dto.invoice.SupplierInvoiceDto
[[1;31mERROR[m] /home/delmat/Stage/Yowyob/yowyob-erp-backend/src/main/java/com/yowyob/erp/accounting/service/InvoiceAccountingService.java:[64,112] cannot find symbol
  symbol:   method getDateFacturation()
  location: variable invoice of type com.yowyob.erp.accounting.dto.invoice.SupplierInvoiceDto
[[1;31mERROR[m] /home/delmat/Stage/Yowyob/yowyob-erp-backend/src/main/java/com/yowyob/erp/accounting/service/InvoiceAccountingService.java:[73,93] cannot find symbol
  symbol:   method getNumeroFacture()
  location: variable invoice of type com.yowyob.erp.accounting.dto.invoice.SupplierInvoiceDto
[[1;31mERROR[m] /home/delmat/Stage/Yowyob/yowyob-erp-backend/src/main/java/com/yowyob/erp/accounting/service/InvoiceAccountingService.java:[69,68] cannot find symbol
  symbol:   method getIdFacture()
  location: variable invoice of type com.yowyob.erp.accounting.dto.invoice.SupplierInvoiceDto
[[1;31mERROR[m] /home/delmat/Stage/Yowyob/yowyob-erp-backend/src/main/java/com/yowyob/erp/accounting/service/InvoiceAccountingService.java:[71,68] cannot find symbol
  symbol:   method getNumeroFacture()
  location: variable invoice of type com.yowyob.erp.accounting.dto.invoice.SupplierInvoiceDto
[[1;31mERROR[m] /home/delmat/Stage/Yowyob/yowyob-erp-backend/src/main/java/com/yowyob/erp/accounting/service/InvoiceAccountingService.java:[74,68] cannot find symbol
  symbol:   method getMontantTTC()
  location: variable invoice of type com.yowyob.erp.accounting.dto.invoice.SupplierInvoiceDto
[[1;31mERROR[m] /home/delmat/Stage/Yowyob/yowyob-erp-backend/src/main/java/com/yowyob/erp/accounting/service/InvoiceAccountingService.java:[75,68] cannot find symbol
  symbol:   method getDevise()
  location: variable invoice of type com.yowyob.erp.accounting.dto.invoice.SupplierInvoiceDto
[[1;31mERROR[m] /home/delmat/Stage/Yowyob/yowyob-erp-backend/src/main/java/com/yowyob/erp/accounting/service/InvoiceAccountingService.java:[76,68] cannot find symbol
  symbol:   method getId()
  location: variable journal of type com.yowyob.erp.accounting.entity.JournalComptable
[[1;31mERROR[m] /home/delmat/Stage/Yowyob/yowyob-erp-backend/src/main/java/com/yowyob/erp/accounting/service/InvoiceAccountingService.java:[77,68] cannot find symbol
  symbol:   method getId()
  location: variable periode of type com.yowyob.erp.accounting.entity.PeriodeComptable
[[1;31mERROR[m] /home/delmat/Stage/Yowyob/yowyob-erp-backend/src/main/java/com/yowyob/erp/accounting/service/InvoiceAccountingService.java:[79,93] cannot find symbol
  symbol:   method getAttachmentIds()
  location: variable invoice of type com.yowyob.erp.accounting.dto.invoice.SupplierInvoiceDto
[[1;31mERROR[m] /home/delmat/Stage/Yowyob/yowyob-erp-backend/src/main/java/com/yowyob/erp/accounting/service/InvoiceAccountingService.java:[91,38] cannot find symbol
  symbol:   method builder()
  location: class com.yowyob.erp.accounting.dto.BrouillardComptableDto
[[1;31mERROR[m] /home/delmat/Stage/Yowyob/yowyob-erp-backend/src/main/java/com/yowyob/erp/accounting/service/InvoiceAccountingService.java:[92,27] cannot find symbol
  symbol:   method getId()
  location: variable entity of type com.yowyob.erp.accounting.entity.BrouillardComptable
[[1;34mINFO[m] 100 errors 
[[1;34mINFO[m] -------------------------------------------------------------
[[1;34mINFO[m] [1m------------------------------------------------------------------------[m
[[1;34mINFO[m] [1;31mBUILD FAILURE[m
[[1;34mINFO[m] [1m------------------------------------------------------------------------[m
[[1;34mINFO[m] Total time:  38.388 s
[[1;34mINFO[m] Finished at: 2026-02-11T10:38:31+01:00
[[1;34mINFO[m] [1m------------------------------------------------------------------------[m
[[1;31mERROR[m] Failed to execute goal [32morg.apache.maven.plugins:maven-compiler-plugin:3.13.0:compile[m [1m(default-compile)[m on project [36merp-backend[m: [1;31mCompilation failure[m: Compilation failure: 
[[1;31mERROR[m] /home/delmat/Stage/Yowyob/yowyob-erp-backend/src/main/java/com/yowyob/erp/accounting/serviceInitialization/DefaultTenantSetupInitializationService.java:[30,8] class DefaultOrganizationSetupInitializationService is public, should be declared in a file named DefaultOrganizationSetupInitializationService.java
[[1;31mERROR[m] /home/delmat/Stage/Yowyob/yowyob-erp-backend/src/main/java/com/yowyob/erp/accounting/serviceInitialization/OrganizationInitializationService.java:[26,42] variable organization_repository is already defined in class com.yowyob.erp.accounting.serviceInitialization.OrganizationInitializationService
[[1;31mERROR[m] /home/delmat/Stage/Yowyob/yowyob-erp-backend/src/main/java/com/yowyob/erp/accounting/controller/AccountingSettingController.java:[69,36] cannot find symbol
[[1;31mERROR[m]   symbol:   method builder()
[[1;31mERROR[m]   location: class com.yowyob.erp.accounting.dto.AccountingSettingDto
[[1;31mERROR[m] /home/delmat/Stage/Yowyob/yowyob-erp-backend/src/main/java/com/yowyob/erp/accounting/controller/AccountingSettingController.java:[70,27] cannot find symbol
[[1;31mERROR[m]   symbol:   method getId()
[[1;31mERROR[m]   location: variable entity of type com.yowyob.erp.accounting.entity.AccountingSetting
[[1;31mERROR[m] /home/delmat/Stage/Yowyob/yowyob-erp-backend/src/main/java/com/yowyob/erp/accounting/controller/AccountingSettingController.java:[71,34] cannot find symbol
[[1;31mERROR[m]   symbol:   method getObjetType()
[[1;31mERROR[m]   location: variable entity of type com.yowyob.erp.accounting.entity.AccountingSetting
[[1;31mERROR[m] /home/delmat/Stage/Yowyob/yowyob-erp-backend/src/main/java/com/yowyob/erp/accounting/controller/AccountingSettingController.java:[72,35] cannot find symbol
[[1;31mERROR[m]   symbol:   method getModeSaisie()
[[1;31mERROR[m]   location: variable entity of type com.yowyob.erp.accounting.entity.AccountingSetting
[[1;31mERROR[m] /home/delmat/Stage/Yowyob/yowyob-erp-backend/src/main/java/com/yowyob/erp/accounting/controller/AccountingSettingController.java:[73,37] cannot find symbol
[[1;31mERROR[m]   symbol:   method getMontantSeuil()
[[1;31mERROR[m]   location: variable entity of type com.yowyob.erp.accounting.entity.AccountingSetting
[[1;31mERROR[m] /home/delmat/Stage/Yowyob/yowyob-erp-backend/src/main/java/com/yowyob/erp/accounting/controller/AccountingSettingController.java:[74,34] cannot find symbol
[[1;31mERROR[m]   symbol:   method getJournalId()
[[1;31mERROR[m]   location: variable entity of type com.yowyob.erp.accounting.entity.AccountingSetting
[[1;31mERROR[m] /home/delmat/Stage/Yowyob/yowyob-erp-backend/src/main/java/com/yowyob/erp/accounting/controller/AccountingSettingController.java:[75,30] cannot find symbol
[[1;31mERROR[m]   symbol:   method getActif()
[[1;31mERROR[m]   location: variable entity of type com.yowyob.erp.accounting.entity.AccountingSetting
[[1;31mERROR[m] /home/delmat/Stage/Yowyob/yowyob-erp-backend/src/main/java/com/yowyob/erp/accounting/controller/AccountingSettingController.java:[76,36] cannot find symbol
[[1;31mERROR[m]   symbol:   method getDescription()
[[1;31mERROR[m]   location: variable entity of type com.yowyob.erp.accounting.entity.AccountingSetting
[[1;31mERROR[m] /home/delmat/Stage/Yowyob/yowyob-erp-backend/src/main/java/com/yowyob/erp/accounting/controller/AccountingSettingController.java:[77,34] cannot find symbol
[[1;31mERROR[m]   symbol:   method getCreatedAt()
[[1;31mERROR[m]   location: variable entity of type com.yowyob.erp.accounting.entity.AccountingSetting
[[1;31mERROR[m] /home/delmat/Stage/Yowyob/yowyob-erp-backend/src/main/java/com/yowyob/erp/accounting/controller/AccountingSettingController.java:[78,34] cannot find symbol
[[1;31mERROR[m]   symbol:   method getUpdatedAt()
[[1;31mERROR[m]   location: variable entity of type com.yowyob.erp.accounting.entity.AccountingSetting
[[1;31mERROR[m] /home/delmat/Stage/Yowyob/yowyob-erp-backend/src/main/java/com/yowyob/erp/accounting/service/AccountingSettingService.java:[36,32] cannot find symbol
[[1;31mERROR[m]   symbol:   method getModeSaisie()
[[1;31mERROR[m]   location: variable setting of type com.yowyob.erp.accounting.entity.AccountingSetting
[[1;31mERROR[m] /home/delmat/Stage/Yowyob/yowyob-erp-backend/src/main/java/com/yowyob/erp/accounting/service/AccountingSettingService.java:[39,32] cannot find symbol
[[1;31mERROR[m]   symbol:   method getMontantSeuil()
[[1;31mERROR[m]   location: variable setting of type com.yowyob.erp.accounting.entity.AccountingSetting
[[1;31mERROR[m] /home/delmat/Stage/Yowyob/yowyob-erp-backend/src/main/java/com/yowyob/erp/accounting/service/AccountingSettingService.java:[40,56] cannot find symbol
[[1;31mERROR[m]   symbol:   method getMontantSeuil()
[[1;31mERROR[m]   location: variable setting of type com.yowyob.erp.accounting.entity.AccountingSetting
[[1;31mERROR[m] /home/delmat/Stage/Yowyob/yowyob-erp-backend/src/main/java/com/yowyob/erp/accounting/service/AccountingSettingService.java:[52,16] cannot find symbol
[[1;31mERROR[m]   symbol:   method getObjetType()
[[1;31mERROR[m]   location: variable dto of type com.yowyob.erp.accounting.dto.AccountingSettingDto
[[1;31mERROR[m] /home/delmat/Stage/Yowyob/yowyob-erp-backend/src/main/java/com/yowyob/erp/accounting/service/AccountingSettingService.java:[57,16] cannot find symbol
[[1;31mERROR[m]   symbol:   method getJournalId()
[[1;31mERROR[m]   location: variable dto of type com.yowyob.erp.accounting.dto.AccountingSettingDto
[[1;31mERROR[m] /home/delmat/Stage/Yowyob/yowyob-erp-backend/src/main/java/com/yowyob/erp/accounting/service/AccountingSettingService.java:[58,106] cannot find symbol
[[1;31mERROR[m]   symbol:   method getObjetType()
[[1;31mERROR[m]   location: variable dto of type com.yowyob.erp.accounting.dto.AccountingSettingDto
[[1;31mERROR[m] /home/delmat/Stage/Yowyob/yowyob-erp-backend/src/main/java/com/yowyob/erp/accounting/service/AccountingSettingService.java:[58,126] cannot find symbol
[[1;31mERROR[m]   symbol:   method getJournalId()
[[1;31mERROR[m]   location: variable dto of type com.yowyob.erp.accounting.dto.AccountingSettingDto
[[1;31mERROR[m] /home/delmat/Stage/Yowyob/yowyob-erp-backend/src/main/java/com/yowyob/erp/accounting/service/AccountingSettingService.java:[60,112] cannot find symbol
[[1;31mERROR[m]   symbol:   method getObjetType()
[[1;31mERROR[m]   location: variable dto of type com.yowyob.erp.accounting.dto.AccountingSettingDto
[[1;31mERROR[m] /home/delmat/Stage/Yowyob/yowyob-erp-backend/src/main/java/com/yowyob/erp/accounting/service/AccountingSettingService.java:[65,69] cannot find symbol
[[1;31mERROR[m]   symbol:   method builder()
[[1;31mERROR[m]   location: class com.yowyob.erp.accounting.entity.AccountingSetting
[[1;31mERROR[m] /home/delmat/Stage/Yowyob/yowyob-erp-backend/src/main/java/com/yowyob/erp/accounting/service/AccountingSettingService.java:[68,39] cannot find symbol
[[1;31mERROR[m]   symbol:   method getObjetType()
[[1;31mERROR[m]   location: variable dto of type com.yowyob.erp.accounting.dto.AccountingSettingDto
[[1;31mERROR[m] /home/delmat/Stage/Yowyob/yowyob-erp-backend/src/main/java/com/yowyob/erp/accounting/service/AccountingSettingService.java:[69,39] cannot find symbol
[[1;31mERROR[m]   symbol:   method getJournalId()
[[1;31mERROR[m]   location: variable dto of type com.yowyob.erp.accounting.dto.AccountingSettingDto
[[1;31mERROR[m] /home/delmat/Stage/Yowyob/yowyob-erp-backend/src/main/java/com/yowyob/erp/accounting/service/AccountingSettingService.java:[75,46] cannot find symbol
[[1;31mERROR[m]   symbol:   method getModeSaisie()
[[1;31mERROR[m]   location: variable dto of type com.yowyob.erp.accounting.dto.AccountingSettingDto
[[1;31mERROR[m] /home/delmat/Stage/Yowyob/yowyob-erp-backend/src/main/java/com/yowyob/erp/accounting/service/AccountingSettingService.java:[76,48] cannot find symbol
[[1;31mERROR[m]   symbol:   method getMontantSeuil()
[[1;31mERROR[m]   location: variable dto of type com.yowyob.erp.accounting.dto.AccountingSettingDto
[[1;31mERROR[m] /home/delmat/Stage/Yowyob/yowyob-erp-backend/src/main/java/com/yowyob/erp/accounting/service/AccountingSettingService.java:[77,28] cannot find symbol
[[1;31mERROR[m]   symbol:   method setActif(dto.getAct[...] true)
[[1;31mERROR[m]   location: variable setting of type com.yowyob.erp.accounting.entity.AccountingSetting
[[1;31mERROR[m] /home/delmat/Stage/Yowyob/yowyob-erp-backend/src/main/java/com/yowyob/erp/accounting/service/AccountingSettingService.java:[77,41] cannot find symbol
[[1;31mERROR[m]   symbol:   method getActif()
[[1;31mERROR[m]   location: variable dto of type com.yowyob.erp.accounting.dto.AccountingSettingDto
[[1;31mERROR[m] /home/delmat/Stage/Yowyob/yowyob-erp-backend/src/main/java/com/yowyob/erp/accounting/service/AccountingSettingService.java:[77,66] cannot find symbol
[[1;31mERROR[m]   symbol:   method getActif()
[[1;31mERROR[m]   location: variable dto of type com.yowyob.erp.accounting.dto.AccountingSettingDto
[[1;31mERROR[m] /home/delmat/Stage/Yowyob/yowyob-erp-backend/src/main/java/com/yowyob/erp/accounting/service/AccountingSettingService.java:[78,47] cannot find symbol
[[1;31mERROR[m]   symbol:   method getDescription()
[[1;31mERROR[m]   location: variable dto of type com.yowyob.erp.accounting.dto.AccountingSettingDto
[[1;31mERROR[m] /home/delmat/Stage/Yowyob/yowyob-erp-backend/src/main/java/com/yowyob/erp/accounting/service/AccountingSettingService.java:[79,28] cannot find symbol
[[1;31mERROR[m]   symbol:   method setUpdatedAt(java.time.LocalDateTime)
[[1;31mERROR[m]   location: variable setting of type com.yowyob.erp.accounting.entity.AccountingSetting
[[1;31mERROR[m] /home/delmat/Stage/Yowyob/yowyob-erp-backend/src/main/java/com/yowyob/erp/common/dto/ApiResponseWrapper.java:[71,34] cannot find symbol
[[1;31mERROR[m]   symbol:   method <T>builder()
[[1;31mERROR[m]   location: class com.yowyob.erp.common.dto.ApiResponseWrapper
[[1;31mERROR[m] /home/delmat/Stage/Yowyob/yowyob-erp-backend/src/main/java/com/yowyob/erp/common/dto/ApiResponseWrapper.java:[88,34] cannot find symbol
[[1;31mERROR[m]   symbol:   method <T>builder()
[[1;31mERROR[m]   location: class com.yowyob.erp.common.dto.ApiResponseWrapper
[[1;31mERROR[m] /home/delmat/Stage/Yowyob/yowyob-erp-backend/src/main/java/com/yowyob/erp/common/dto/ApiResponseWrapper.java:[104,34] cannot find symbol
[[1;31mERROR[m]   symbol:   method <T>builder()
[[1;31mERROR[m]   location: class com.yowyob.erp.common.dto.ApiResponseWrapper
[[1;31mERROR[m] /home/delmat/Stage/Yowyob/yowyob-erp-backend/src/main/java/com/yowyob/erp/common/dto/ApiResponseWrapper.java:[120,34] cannot find symbol
[[1;31mERROR[m]   symbol:   method <T>builder()
[[1;31mERROR[m]   location: class com.yowyob.erp.common.dto.ApiResponseWrapper
[[1;31mERROR[m] /home/delmat/Stage/Yowyob/yowyob-erp-backend/src/main/java/com/yowyob/erp/common/dto/ApiResponseWrapper.java:[136,34] cannot find symbol
[[1;31mERROR[m]   symbol:   method <T>builder()
[[1;31mERROR[m]   location: class com.yowyob.erp.common.dto.ApiResponseWrapper
[[1;31mERROR[m] /home/delmat/Stage/Yowyob/yowyob-erp-backend/src/main/java/com/yowyob/erp/accounting/entity/AccountingSetting.java:[25,8] com.yowyob.erp.accounting.entity.AccountingSetting is not abstract and does not override abstract method getId() in org.springframework.data.domain.Persistable
[[1;31mERROR[m] /home/delmat/Stage/Yowyob/yowyob-erp-backend/src/main/java/com/yowyob/erp/accounting/controller/BrouillardComptableController.java:[98,33] cannot find symbol
[[1;31mERROR[m]   symbol:   method getType()
[[1;31mERROR[m]   location: variable b of type com.yowyob.erp.accounting.entity.BrouillardComptable
[[1;31mERROR[m] /home/delmat/Stage/Yowyob/yowyob-erp-backend/src/main/java/com/yowyob/erp/accounting/controller/BrouillardComptableController.java:[101,40] cannot find symbol
[[1;31mERROR[m]   symbol:   method getType()
[[1;31mERROR[m]   location: variable b of type com.yowyob.erp.accounting.entity.BrouillardComptable
[[1;31mERROR[m] /home/delmat/Stage/Yowyob/yowyob-erp-backend/src/main/java/com/yowyob/erp/accounting/controller/BrouillardComptableController.java:[105,114] cannot find symbol
[[1;31mERROR[m]   symbol:   method getType()
[[1;31mERROR[m]   location: variable b of type com.yowyob.erp.accounting.entity.BrouillardComptable
[[1;31mERROR[m] /home/delmat/Stage/Yowyob/yowyob-erp-backend/src/main/java/com/yowyob/erp/accounting/controller/BrouillardComptableController.java:[140,38] cannot find symbol
[[1;31mERROR[m]   symbol:   method builder()
[[1;31mERROR[m]   location: class com.yowyob.erp.accounting.dto.BrouillardComptableDto
[[1;31mERROR[m] /home/delmat/Stage/Yowyob/yowyob-erp-backend/src/main/java/com/yowyob/erp/accounting/controller/BrouillardComptableController.java:[141,27] cannot find symbol
[[1;31mERROR[m]   symbol:   method getId()
[[1;31mERROR[m]   location: variable entity of type com.yowyob.erp.accounting.entity.BrouillardComptable
[[1;31mERROR[m] /home/delmat/Stage/Yowyob/yowyob-erp-backend/src/main/java/com/yowyob/erp/accounting/controller/BrouillardComptableController.java:[142,29] cannot find symbol
[[1;31mERROR[m]   symbol:   method getType()
[[1;31mERROR[m]   location: variable entity of type com.yowyob.erp.accounting.entity.BrouillardComptable
[[1;31mERROR[m] /home/delmat/Stage/Yowyob/yowyob-erp-backend/src/main/java/com/yowyob/erp/accounting/controller/BrouillardComptableController.java:[143,31] cannot find symbol
[[1;31mERROR[m]   symbol:   method getStatut()
[[1;31mERROR[m]   location: variable entity of type com.yowyob.erp.accounting.entity.BrouillardComptable
[[1;31mERROR[m] /home/delmat/Stage/Yowyob/yowyob-erp-backend/src/main/java/com/yowyob/erp/accounting/controller/BrouillardComptableController.java:[144,33] cannot find symbol
[[1;31mERROR[m]   symbol:   method getSourceId()
[[1;31mERROR[m]   location: variable entity of type com.yowyob.erp.accounting.entity.BrouillardComptable
[[1;31mERROR[m] /home/delmat/Stage/Yowyob/yowyob-erp-backend/src/main/java/com/yowyob/erp/accounting/controller/BrouillardComptableController.java:[145,35] cannot find symbol
[[1;31mERROR[m]   symbol:   method getSourceType()
[[1;31mERROR[m]   location: variable entity of type com.yowyob.erp.accounting.entity.BrouillardComptable
[[1;31mERROR[m] /home/delmat/Stage/Yowyob/yowyob-erp-backend/src/main/java/com/yowyob/erp/accounting/controller/BrouillardComptableController.java:[146,36] cannot find symbol
[[1;31mERROR[m]   symbol:   method getNumeroPiece()
[[1;31mERROR[m]   location: variable entity of type com.yowyob.erp.accounting.entity.BrouillardComptable
[[1;31mERROR[m] /home/delmat/Stage/Yowyob/yowyob-erp-backend/src/main/java/com/yowyob/erp/accounting/controller/BrouillardComptableController.java:[147,34] cannot find symbol
[[1;31mERROR[m]   symbol:   method getDatePiece()
[[1;31mERROR[m]   location: variable entity of type com.yowyob.erp.accounting.entity.BrouillardComptable
[[1;31mERROR[m] /home/delmat/Stage/Yowyob/yowyob-erp-backend/src/main/java/com/yowyob/erp/accounting/controller/BrouillardComptableController.java:[148,32] cannot find symbol
[[1;31mERROR[m]   symbol:   method getLibelle()
[[1;31mERROR[m]   location: variable entity of type com.yowyob.erp.accounting.entity.BrouillardComptable
[[1;31mERROR[m] /home/delmat/Stage/Yowyob/yowyob-erp-backend/src/main/java/com/yowyob/erp/accounting/controller/BrouillardComptableController.java:[149,37] cannot find symbol
[[1;31mERROR[m]   symbol:   method getMontantTotal()
[[1;31mERROR[m]   location: variable entity of type com.yowyob.erp.accounting.entity.BrouillardComptable
[[1;31mERROR[m] /home/delmat/Stage/Yowyob/yowyob-erp-backend/src/main/java/com/yowyob/erp/accounting/controller/BrouillardComptableController.java:[150,31] cannot find symbol
[[1;31mERROR[m]   symbol:   method getDevise()
[[1;31mERROR[m]   location: variable entity of type com.yowyob.erp.accounting.entity.BrouillardComptable
[[1;31mERROR[m] /home/delmat/Stage/Yowyob/yowyob-erp-backend/src/main/java/com/yowyob/erp/accounting/controller/BrouillardComptableController.java:[151,34] cannot find symbol
[[1;31mERROR[m]   symbol:   method getJournalId()
[[1;31mERROR[m]   location: variable entity of type com.yowyob.erp.accounting.entity.BrouillardComptable
[[1;31mERROR[m] /home/delmat/Stage/Yowyob/yowyob-erp-backend/src/main/java/com/yowyob/erp/accounting/controller/BrouillardComptableController.java:[152,34] cannot find symbol
[[1;31mERROR[m]   symbol:   method getPeriodeId()
[[1;31mERROR[m]   location: variable entity of type com.yowyob.erp.accounting.entity.BrouillardComptable
[[1;31mERROR[m] /home/delmat/Stage/Yowyob/yowyob-erp-backend/src/main/java/com/yowyob/erp/accounting/controller/BrouillardComptableController.java:[153,33] cannot find symbol
[[1;31mERROR[m]   symbol:   method getDataJson()
[[1;31mERROR[m]   location: variable entity of type com.yowyob.erp.accounting.entity.BrouillardComptable
[[1;31mERROR[m] /home/delmat/Stage/Yowyob/yowyob-erp-backend/src/main/java/com/yowyob/erp/accounting/controller/BrouillardComptableController.java:[154,35] cannot find symbol
[[1;31mERROR[m]   symbol:   method getEcritureId()
[[1;31mERROR[m]   location: variable entity of type com.yowyob.erp.accounting.entity.BrouillardComptable
[[1;31mERROR[m] /home/delmat/Stage/Yowyob/yowyob-erp-backend/src/main/java/com/yowyob/erp/accounting/controller/BrouillardComptableController.java:[155,38] cannot find symbol
[[1;31mERROR[m]   symbol:   method getAttachmentIds()
[[1;31mERROR[m]   location: variable entity of type com.yowyob.erp.accounting.entity.BrouillardComptable
[[1;31mERROR[m] /home/delmat/Stage/Yowyob/yowyob-erp-backend/src/main/java/com/yowyob/erp/accounting/controller/BrouillardComptableController.java:[156,30] cannot find symbol
[[1;31mERROR[m]   symbol:   method getNotes()
[[1;31mERROR[m]   location: variable entity of type com.yowyob.erp.accounting.entity.BrouillardComptable
[[1;31mERROR[m] /home/delmat/Stage/Yowyob/yowyob-erp-backend/src/main/java/com/yowyob/erp/accounting/controller/BrouillardComptableController.java:[157,34] cannot find symbol
[[1;31mERROR[m]   symbol:   method getCreatedAt()
[[1;31mERROR[m]   location: variable entity of type com.yowyob.erp.accounting.entity.BrouillardComptable
[[1;31mERROR[m] /home/delmat/Stage/Yowyob/yowyob-erp-backend/src/main/java/com/yowyob/erp/accounting/controller/BrouillardComptableController.java:[158,34] cannot find symbol
[[1;31mERROR[m]   symbol:   method getUpdatedAt()
[[1;31mERROR[m]   location: variable entity of type com.yowyob.erp.accounting.entity.BrouillardComptable
[[1;31mERROR[m] /home/delmat/Stage/Yowyob/yowyob-erp-backend/src/main/java/com/yowyob/erp/accounting/controller/BrouillardComptableController.java:[159,34] cannot find symbol
[[1;31mERROR[m]   symbol:   method getCreatedBy()
[[1;31mERROR[m]   location: variable entity of type com.yowyob.erp.accounting.entity.BrouillardComptable
[[1;31mERROR[m] /home/delmat/Stage/Yowyob/yowyob-erp-backend/src/main/java/com/yowyob/erp/accounting/controller/BrouillardComptableController.java:[160,36] cannot find symbol
[[1;31mERROR[m]   symbol:   method getValidatedBy()
[[1;31mERROR[m]   location: variable entity of type com.yowyob.erp.accounting.entity.BrouillardComptable
[[1;31mERROR[m] /home/delmat/Stage/Yowyob/yowyob-erp-backend/src/main/java/com/yowyob/erp/accounting/controller/BrouillardComptableController.java:[161,36] cannot find symbol
[[1;31mERROR[m]   symbol:   method getValidatedAt()
[[1;31mERROR[m]   location: variable entity of type com.yowyob.erp.accounting.entity.BrouillardComptable
[[1;31mERROR[m] /home/delmat/Stage/Yowyob/yowyob-erp-backend/src/main/java/com/yowyob/erp/accounting/controller/BrouillardComptableController.java:[162,35] cannot find symbol
[[1;31mERROR[m]   symbol:   method getRejectedBy()
[[1;31mERROR[m]   location: variable entity of type com.yowyob.erp.accounting.entity.BrouillardComptable
[[1;31mERROR[m] /home/delmat/Stage/Yowyob/yowyob-erp-backend/src/main/java/com/yowyob/erp/accounting/controller/BrouillardComptableController.java:[163,35] cannot find symbol
[[1;31mERROR[m]   symbol:   method getRejectedAt()
[[1;31mERROR[m]   location: variable entity of type com.yowyob.erp.accounting.entity.BrouillardComptable
[[1;31mERROR[m] /home/delmat/Stage/Yowyob/yowyob-erp-backend/src/main/java/com/yowyob/erp/accounting/controller/BrouillardComptableController.java:[164,40] cannot find symbol
[[1;31mERROR[m]   symbol:   method getRejectionReason()
[[1;31mERROR[m]   location: variable entity of type com.yowyob.erp.accounting.entity.BrouillardComptable
[[1;31mERROR[m] /home/delmat/Stage/Yowyob/yowyob-erp-backend/src/main/java/com/yowyob/erp/accounting/service/BrouillardComptableService.java:[83,56] cannot find symbol
[[1;31mERROR[m]   symbol:   method builder()
[[1;31mERROR[m]   location: class com.yowyob.erp.accounting.entity.BrouillardComptable
[[1;31mERROR[m] /home/delmat/Stage/Yowyob/yowyob-erp-backend/src/main/java/com/yowyob/erp/accounting/service/BrouillardComptableService.java:[127,31] cannot find symbol
[[1;31mERROR[m]   symbol:   method getStatut()
[[1;31mERROR[m]   location: variable b of type com.yowyob.erp.accounting.entity.BrouillardComptable
[[1;31mERROR[m] /home/delmat/Stage/Yowyob/yowyob-erp-backend/src/main/java/com/yowyob/erp/accounting/service/BrouillardComptableService.java:[127,78] cannot find symbol
[[1;31mERROR[m]   symbol:   method getStatut()
[[1;31mERROR[m]   location: variable b of type com.yowyob.erp.accounting.entity.BrouillardComptable
[[1;31mERROR[m] /home/delmat/Stage/Yowyob/yowyob-erp-backend/src/main/java/com/yowyob/erp/accounting/service/BrouillardComptableService.java:[130,22] cannot find symbol
[[1;31mERROR[m]   symbol:   method setStatut(com.yowyob.erp.accounting.entity.BrouillardStatut)
[[1;31mERROR[m]   location: variable b of type com.yowyob.erp.accounting.entity.BrouillardComptable
[[1;31mERROR[m] /home/delmat/Stage/Yowyob/yowyob-erp-backend/src/main/java/com/yowyob/erp/accounting/service/BrouillardComptableService.java:[131,22] cannot find symbol
[[1;31mERROR[m]   symbol:   method setRejectedBy(java.lang.String)
[[1;31mERROR[m]   location: variable b of type com.yowyob.erp.accounting.entity.BrouillardComptable
[[1;31mERROR[m] /home/delmat/Stage/Yowyob/yowyob-erp-backend/src/main/java/com/yowyob/erp/accounting/service/BrouillardComptableService.java:[132,22] cannot find symbol
[[1;31mERROR[m]   symbol:   method setRejectedAt(java.time.LocalDateTime)
[[1;31mERROR[m]   location: variable b of type com.yowyob.erp.accounting.entity.BrouillardComptable
[[1;31mERROR[m] /home/delmat/Stage/Yowyob/yowyob-erp-backend/src/main/java/com/yowyob/erp/accounting/service/BrouillardComptableService.java:[133,49] cannot find symbol
[[1;31mERROR[m]   symbol:   method getReason()
[[1;31mERROR[m]   location: variable request of type com.yowyob.erp.accounting.dto.BrouillardRejectionRequest
[[1;31mERROR[m] /home/delmat/Stage/Yowyob/yowyob-erp-backend/src/main/java/com/yowyob/erp/accounting/service/BrouillardComptableService.java:[134,22] cannot find symbol
[[1;31mERROR[m]   symbol:   method setUpdatedAt(java.time.LocalDateTime)
[[1;31mERROR[m]   location: variable b of type com.yowyob.erp.accounting.entity.BrouillardComptable
[[1;31mERROR[m] /home/delmat/Stage/Yowyob/yowyob-erp-backend/src/main/java/com/yowyob/erp/accounting/service/BrouillardComptableService.java:[142,31] cannot find symbol
[[1;31mERROR[m]   symbol:   method getStatut()
[[1;31mERROR[m]   location: variable b of type com.yowyob.erp.accounting.entity.BrouillardComptable
[[1;31mERROR[m] /home/delmat/Stage/Yowyob/yowyob-erp-backend/src/main/java/com/yowyob/erp/accounting/service/BrouillardComptableService.java:[142,78] cannot find symbol
[[1;31mERROR[m]   symbol:   method getStatut()
[[1;31mERROR[m]   location: variable b of type com.yowyob.erp.accounting.entity.BrouillardComptable
[[1;31mERROR[m] /home/delmat/Stage/Yowyob/yowyob-erp-backend/src/main/java/com/yowyob/erp/accounting/service/BrouillardComptableService.java:[156,31] cannot find symbol
[[1;31mERROR[m]   symbol:   method getStatut()
[[1;31mERROR[m]   location: variable b of type com.yowyob.erp.accounting.entity.BrouillardComptable
[[1;31mERROR[m] /home/delmat/Stage/Yowyob/yowyob-erp-backend/src/main/java/com/yowyob/erp/accounting/service/BrouillardComptableService.java:[159,50] cannot find symbol
[[1;31mERROR[m]   symbol:   method getDataJson()
[[1;31mERROR[m]   location: variable b of type com.yowyob.erp.accounting.entity.BrouillardComptable
[[1;31mERROR[m] /home/delmat/Stage/Yowyob/yowyob-erp-backend/src/main/java/com/yowyob/erp/accounting/service/BrouillardComptableService.java:[163,68] cannot find symbol
[[1;31mERROR[m]   symbol:   method getAttachmentIds()
[[1;31mERROR[m]   location: variable b of type com.yowyob.erp.accounting.entity.BrouillardComptable
[[1;31mERROR[m] /home/delmat/Stage/Yowyob/yowyob-erp-backend/src/main/java/com/yowyob/erp/accounting/service/BrouillardComptableService.java:[167,44] cannot find symbol
[[1;31mERROR[m]   symbol:   method getNotes()
[[1;31mERROR[m]   location: variable request of type com.yowyob.erp.accounting.dto.BrouillardValidationRequest
[[1;31mERROR[m] /home/delmat/Stage/Yowyob/yowyob-erp-backend/src/main/java/com/yowyob/erp/accounting/service/BrouillardComptableService.java:[168,65] cannot find symbol
[[1;31mERROR[m]   symbol:   method getNotes()
[[1;31mERROR[m]   location: variable request of type com.yowyob.erp.accounting.dto.BrouillardValidationRequest
[[1;31mERROR[m] /home/delmat/Stage/Yowyob/yowyob-erp-backend/src/main/java/com/yowyob/erp/accounting/service/BrouillardComptableService.java:[169,55] cannot find symbol
[[1;31mERROR[m]   symbol:   method getNotes()
[[1;31mERROR[m]   location: variable request of type com.yowyob.erp.accounting.dto.BrouillardValidationRequest
[[1;31mERROR[m] /home/delmat/Stage/Yowyob/yowyob-erp-backend/src/main/java/com/yowyob/erp/accounting/service/BrouillardComptableService.java:[173,34] cannot find symbol
[[1;31mERROR[m]   symbol:   method setStatut(com.yowyob.erp.accounting.entity.BrouillardStatut)
[[1;31mERROR[m]   location: variable b of type com.yowyob.erp.accounting.entity.BrouillardComptable
[[1;31mERROR[m] /home/delmat/Stage/Yowyob/yowyob-erp-backend/src/main/java/com/yowyob/erp/accounting/service/BrouillardComptableService.java:[174,34] cannot find symbol
[[1;31mERROR[m]   symbol:   method setValidatedBy(java.lang.String)
[[1;31mERROR[m]   location: variable b of type com.yowyob.erp.accounting.entity.BrouillardComptable
[[1;31mERROR[m] /home/delmat/Stage/Yowyob/yowyob-erp-backend/src/main/java/com/yowyob/erp/accounting/service/BrouillardComptableService.java:[175,34] cannot find symbol
[[1;31mERROR[m]   symbol:   method setValidatedAt(java.time.LocalDateTime)
[[1;31mERROR[m]   location: variable b of type com.yowyob.erp.accounting.entity.BrouillardComptable
[[1;31mERROR[m] /home/delmat/Stage/Yowyob/yowyob-erp-backend/src/main/java/com/yowyob/erp/accounting/service/BrouillardComptableService.java:[176,34] cannot find symbol
[[1;31mERROR[m]   symbol:   method setUpdatedAt(java.time.LocalDateTime)
[[1;31mERROR[m]   location: variable b of type com.yowyob.erp.accounting.entity.BrouillardComptable
[[1;31mERROR[m] /home/delmat/Stage/Yowyob/yowyob-erp-backend/src/main/java/com/yowyob/erp/accounting/service/InvoiceAccountingService.java:[54,21] cannot find symbol
[[1;31mERROR[m]   symbol:   variable log
[[1;31mERROR[m]   location: class com.yowyob.erp.accounting.service.InvoiceAccountingService
[[1;31mERROR[m] /home/delmat/Stage/Yowyob/yowyob-erp-backend/src/main/java/com/yowyob/erp/accounting/service/InvoiceAccountingService.java:[54,93] cannot find symbol
[[1;31mERROR[m]   symbol:   method getNumeroFacture()
[[1;31mERROR[m]   location: variable invoice of type com.yowyob.erp.accounting.dto.invoice.SupplierInvoiceDto
[[1;31mERROR[m] /home/delmat/Stage/Yowyob/yowyob-erp-backend/src/main/java/com/yowyob/erp/accounting/service/InvoiceAccountingService.java:[61,48] cannot find symbol
[[1;31mERROR[m]   symbol:   method getMontantTTC()
[[1;31mERROR[m]   location: variable invoice of type com.yowyob.erp.accounting.dto.invoice.SupplierInvoiceDto
[[1;31mERROR[m] /home/delmat/Stage/Yowyob/yowyob-erp-backend/src/main/java/com/yowyob/erp/accounting/service/InvoiceAccountingService.java:[61,73] cannot find symbol
[[1;31mERROR[m]   symbol:   method getId()
[[1;31mERROR[m]   location: variable journal of type com.yowyob.erp.accounting.entity.JournalComptable
[[1;31mERROR[m] /home/delmat/Stage/Yowyob/yowyob-erp-backend/src/main/java/com/yowyob/erp/accounting/service/InvoiceAccountingService.java:[64,73] cannot find symbol
[[1;31mERROR[m]   symbol:   method getDateFacturation()
[[1;31mERROR[m]   location: variable invoice of type com.yowyob.erp.accounting.dto.invoice.SupplierInvoiceDto
[[1;31mERROR[m] /home/delmat/Stage/Yowyob/yowyob-erp-backend/src/main/java/com/yowyob/erp/accounting/service/InvoiceAccountingService.java:[64,112] cannot find symbol
[[1;31mERROR[m]   symbol:   method getDateFacturation()
[[1;31mERROR[m]   location: variable invoice of type com.yowyob.erp.accounting.dto.invoice.SupplierInvoiceDto
[[1;31mERROR[m] /home/delmat/Stage/Yowyob/yowyob-erp-backend/src/main/java/com/yowyob/erp/accounting/service/InvoiceAccountingService.java:[73,93] cannot find symbol
[[1;31mERROR[m]   symbol:   method getNumeroFacture()
[[1;31mERROR[m]   location: variable invoice of type com.yowyob.erp.accounting.dto.invoice.SupplierInvoiceDto
[[1;31mERROR[m] /home/delmat/Stage/Yowyob/yowyob-erp-backend/src/main/java/com/yowyob/erp/accounting/service/InvoiceAccountingService.java:[69,68] cannot find symbol
[[1;31mERROR[m]   symbol:   method getIdFacture()
[[1;31mERROR[m]   location: variable invoice of type com.yowyob.erp.accounting.dto.invoice.SupplierInvoiceDto
[[1;31mERROR[m] /home/delmat/Stage/Yowyob/yowyob-erp-backend/src/main/java/com/yowyob/erp/accounting/service/InvoiceAccountingService.java:[71,68] cannot find symbol
[[1;31mERROR[m]   symbol:   method getNumeroFacture()
[[1;31mERROR[m]   location: variable invoice of type com.yowyob.erp.accounting.dto.invoice.SupplierInvoiceDto
[[1;31mERROR[m] /home/delmat/Stage/Yowyob/yowyob-erp-backend/src/main/java/com/yowyob/erp/accounting/service/InvoiceAccountingService.java:[74,68] cannot find symbol
[[1;31mERROR[m]   symbol:   method getMontantTTC()
[[1;31mERROR[m]   location: variable invoice of type com.yowyob.erp.accounting.dto.invoice.SupplierInvoiceDto
[[1;31mERROR[m] /home/delmat/Stage/Yowyob/yowyob-erp-backend/src/main/java/com/yowyob/erp/accounting/service/InvoiceAccountingService.java:[75,68] cannot find symbol
[[1;31mERROR[m]   symbol:   method getDevise()
[[1;31mERROR[m]   location: variable invoice of type com.yowyob.erp.accounting.dto.invoice.SupplierInvoiceDto
[[1;31mERROR[m] /home/delmat/Stage/Yowyob/yowyob-erp-backend/src/main/java/com/yowyob/erp/accounting/service/InvoiceAccountingService.java:[76,68] cannot find symbol
[[1;31mERROR[m]   symbol:   method getId()
[[1;31mERROR[m]   location: variable journal of type com.yowyob.erp.accounting.entity.JournalComptable
[[1;31mERROR[m] /home/delmat/Stage/Yowyob/yowyob-erp-backend/src/main/java/com/yowyob/erp/accounting/service/InvoiceAccountingService.java:[77,68] cannot find symbol
[[1;31mERROR[m]   symbol:   method getId()
[[1;31mERROR[m]   location: variable periode of type com.yowyob.erp.accounting.entity.PeriodeComptable
[[1;31mERROR[m] /home/delmat/Stage/Yowyob/yowyob-erp-backend/src/main/java/com/yowyob/erp/accounting/service/InvoiceAccountingService.java:[79,93] cannot find symbol
[[1;31mERROR[m]   symbol:   method getAttachmentIds()
[[1;31mERROR[m]   location: variable invoice of type com.yowyob.erp.accounting.dto.invoice.SupplierInvoiceDto
[[1;31mERROR[m] /home/delmat/Stage/Yowyob/yowyob-erp-backend/src/main/java/com/yowyob/erp/accounting/service/InvoiceAccountingService.java:[91,38] cannot find symbol
[[1;31mERROR[m]   symbol:   method builder()
[[1;31mERROR[m]   location: class com.yowyob.erp.accounting.dto.BrouillardComptableDto
[[1;31mERROR[m] /home/delmat/Stage/Yowyob/yowyob-erp-backend/src/main/java/com/yowyob/erp/accounting/service/InvoiceAccountingService.java:[92,27] cannot find symbol
[[1;31mERROR[m]   symbol:   method getId()
[[1;31mERROR[m]   location: variable entity of type com.yowyob.erp.accounting.entity.BrouillardComptable
[[1;31mERROR[m] -> [1m[Help 1][m
[[1;31mERROR[m] 
[[1;31mERROR[m] To see the full stack trace of the errors, re-run Maven with the [1m-e[m switch.
[[1;31mERROR[m] Re-run Maven using the [1m-X[m switch to enable full debug logging.
[[1;31mERROR[m] 
[[1;31mERROR[m] For more information about the errors and possible solutions, please read the following articles:
[[1;31mERROR[m] [1m[Help 1][m http://cwiki.apache.org/confluence/display/MAVEN/MojoFailureException
